<html>
<body>
<pre>
<h1>µVision Build Log</h1>
<h2>Project:</h2>
D:\8085\ARM lab\labsheet8\lab8.uvproj
Project File Date:  03/22/2019

<h2>Output:</h2>
Build target 'Target 1'
linking...
Program Size: Code=12 RO-data=0 RW-data=0 ZI-data=0  
".\lab8.axf" - 0 Error(s), 0 Warning(s).
el named END
linking...
Program Size: Code=12 RO-data=0 RW-data=0 ZI-data=0  
".\lab8.axf" - 0 Error(s), 1 Warning(s).
assembling lab81.asm...
lab81.asm(7): warning: A1447W: Missing END directive at end of file, but found a label named END
"lab81.asm" - 0 Error(s), 1 Warning(s).
Error: Could not load file 'D:\8085\ARM lab\labsheet8\lab8.axf'. Debugger aborted !
