<html>
<body>
<pre>
<h1>µVision Build Log</h1>
<h2>Project:</h2>
D:\8085\ARM lab\lab9\LabSheet9\project1.uvproj
Project File Date:  04/09/2019

<h2>Output:</h2>
Build target 'Target 1'
linking...
Program Size: Code=1192 RO-data=32 RW-data=12 ZI-data=356  
".\project1.axf" - 0 Error(s), 0 Warning(s).
compiling main.c...
"main.c" - 0 Error(s), 0 Warning(s).
Error: Could not load file 'D:\8085\ARM lab\lab9\LabSheet9\project1.axf'. Debugger aborted !
Error: Could not load file 'D:\8085\ARM lab\lab9\LabSheet9\project1.axf'. Debugger aborted !
</pre>
</body>
</html>
cancelled
compiling main.c...
"main.c" - 0 Error(s), 0 Warning(s).
